audio/HVC1035.wav
audio/HVC1037.wav
audio/HVC1039.wav
audio/HVC1040.wav
audio/HVC1060.wav
audio/HVC1062.wav
audio/HVC1063.wav
audio/HVC1064.wav
audio/HVC1068.wav
audio/HVC1069.wav
audio/HVC1073.wav
audio/HVC1074.wav
audio/HVC1075.wav
audio/HVC1076.wav
audio/HVC1077.wav
audio/HVC1078.wav
audio/HVC1079.wav
audio/HVC1082.wav
audio/HVC1083.wav
audio/HVC1084.wav
audio/HVC1085.wav
audio/HVC1086.wav
audio/HVC1087.wav
audio/HVC1088.wav
audio/HVC1094.wav
audio/HVC1099.wav
audio/HVC1103.wav
audio/HVC1105.wav
audio/HVC1107.wav
audio/HVC1109.wav
audio/HVC1110.wav
audio/HVC1111.wav
audio/HVC1112.wav
audio/HVC1113.wav
audio/HVC1114.wav
audio/HVC1118.wav
audio/HVC1120.wav
audio/HVC1122.wav
audio/HVC1124.wav
audio/HVC1125.wav
audio/HVC1126.wav
audio/HVC1127.wav
audio/HVC1128.wav
audio/HVC1129.wav
audio/HVC1131.wav
audio/HVC1132.wav
audio/HVC1133.wav
audio/HVC1135.wav
audio/HVC1136.wav
audio/HVC1138.wav
audio/HVC1141.wav
audio/HVC1142.wav
audio/HVC1143.wav
audio/HVC1144.wav
audio/HVC1145.wav
audio/HVC1146.wav
audio/HVC1147.wav
audio/HVC1148.wav
audio/HVC1149.wav
audio/HVC1151.wav
audio/HVC1152.wav
audio/HVC1153.wav
audio/HVC1154.wav
audio/HVC1155.wav
audio/HVC1157.wav
audio/HVC1158.wav
audio/HVC1159.wav
audio/HVC1160.wav
audio/HVC1161.wav
audio/HVC1162.wav
audio/HVC1163.wav
audio/HVC1165.wav
audio/HVC1168.wav
audio/HVC1184.wav
audio/HVC1191.wav
audio/HVC1209.wav
audio/HVC1212.wav
audio/HVC1214.wav
audio/HVC1215.wav
audio/HVC1219.wav
audio/HVC1227.wav
audio/HVC1228.wav
audio/HVC1229.wav
audio/HVC1230.wav
audio/HVC1231.wav
audio/HVC1232.wav
audio/HVC1233.wav
audio/HVC1235.wav
audio/HVC1236.wav
audio/HVC1238.wav
audio/HVC1239.wav
audio/HVC1240.wav
audio/HVC1242.wav
audio/HVC1243.wav
audio/HVC1245.wav
audio/HVC1246.wav
audio/HVC1247.wav
audio/HVC1249.wav
audio/HVC1250.wav
audio/HVC1251.wav
audio/HVC1252.wav
audio/HVC1256.wav
audio/HVC1257.wav
audio/HVC1258.wav
audio/HVC1259.wav
audio/HVC1260.wav
audio/HVC1266.wav
audio/HVC1267.wav
audio/HVC1268.wav
audio/HVC1270.wav
audio/HVC1281.wav
audio/HVC1316.wav
audio/HVC1322.wav
audio/HVC1334.wav
audio/HVC1336.wav
audio/HVC1339.wav
audio/HVC1340.wav
audio/HVC1342.wav
audio/HVC1344.wav
audio/HVC1345.wav
audio/HVC1346.wav
audio/HVC1348.wav
audio/HVC1350.wav
audio/HVC1352.wav
audio/HVC1379.wav
audio/HVC1380.wav
audio/HVC1406.wav
audio/HVC1407.wav
audio/HVC1409.wav
audio/HVC1410.wav
audio/HVC1411.wav
audio/HVC1412.wav
audio/HVC1413.wav
audio/HVC1414.wav
audio/HVC1415.wav
audio/HVC1416.wav
audio/HVC1417.wav
audio/HVC1418.wav
audio/HVC1419.wav
audio/HVC1422.wav
audio/HVC1423.wav
audio/HVC1424.wav
audio/HVC1425.wav
audio/HVC1426.wav
audio/HVC1427.wav
audio/HVC1428.wav
audio/HVC1430.wav
audio/HVC1432.wav
audio/HVC1433.wav
audio/HVC1435.wav
audio/HVC1436.wav
audio/HVC1437.wav
audio/HVC1439.wav
audio/HVC1441.wav
audio/HVC1443.wav
audio/HVC1503.wav
audio/HVC1555.wav
audio/HVC1556.wav
audio/HVC1557.wav
audio/HVC1558.wav
audio/HVC1559.wav
audio/HVC1563.wav
audio/HVC1565.wav
audio/HVC1566.wav
audio/HVC1567.wav
audio/HVC1568.wav
audio/HVC1579.wav
audio/HVC1580.wav
audio/HVC1582.wav
audio/HVC1584.wav
audio/HVC1585.wav
audio/HVC1586.wav
audio/HVC1587.wav
audio/HVC1588.wav
audio/HVC1589.wav
audio/HVC1590.wav
audio/HVC1591.wav
audio/HVC1592.wav
audio/HVC1593.wav
audio/HVC1595.wav
audio/HVC1596.wav
audio/HVC1598.wav
audio/HVC1599.wav
audio/HVC1600.wav
audio/HVC1601.wav
audio/HVC1605.wav
audio/HVC1606.wav
audio/HVC1607.wav
audio/HVC1609.wav
audio/HVC1610.wav
audio/HVC1612.wav
audio/HVC1613.wav
audio/HVC1615.wav
audio/HVC1617.wav
audio/HVC1618.wav
audio/HVC1619.wav
audio/HVC1620.wav
audio/HVC1622.wav
audio/HVC1625.wav
audio/HVC1626.wav
audio/HVC1627.wav
audio/HVC1628.wav
audio/HVC1630.wav
audio/HVC1631.wav
audio/HVC1632.wav
audio/HVC1633.wav
audio/HVC1634.wav
audio/HVC1637.wav
audio/HVC1638.wav
audio/HVC1639.wav
audio/HVC1640.wav
audio/HVC1643.wav
audio/HVC1646.wav
audio/HVC1648.wav
audio/HVC1650.wav
audio/HVC1659.wav
audio/HVC1662.wav
audio/HVC1663.wav
audio/HVC1664.wav
audio/HVC1667.wav
audio/HVC1668.wav
audio/HVC1673.wav
audio/HVC1680.wav
audio/HVC1681.wav
audio/HVC1682.wav
audio/HVC1683.wav
audio/HVC1684.wav
audio/HVC1690.wav
audio/HVC1705.wav
audio/HVC1713.wav
audio/HVC1716.wav
audio/HVC1717.wav
audio/HVC1721.wav
audio/HVC1722.wav
audio/HVC1723.wav
audio/HVC1724.wav
audio/HVC1726.wav
audio/HVC1727.wav
audio/HVC1728.wav
audio/HVC1729.wav
audio/HVC1731.wav
audio/HVC1733.wav
audio/HVC1734.wav
audio/HVC1735.wav
audio/HVC1737.wav
audio/HVC1738.wav
audio/HVC1739.wav
audio/HVC1742.wav
audio/HVC1743.wav
audio/HVC1744.wav
audio/HVC1746.wav
audio/HVC1748.wav
audio/HVC1754.wav
audio/HVC1756.wav
audio/HVC1757.wav
audio/HVC1758.wav
audio/HVC1759.wav
audio/HVC1760.wav
audio/HVC1761.wav
audio/HVC1762.wav
audio/HVC1763.wav
audio/HVC1764.wav
audio/HVC1765.wav
audio/HVC1767.wav
audio/HVC1768.wav
audio/HVC1769.wav
audio/HVC1771.wav
audio/HVC1776.wav
audio/HVC1777.wav
audio/HVC1778.wav
audio/HVC1779.wav
audio/HVC1780.wav
audio/HVC1783.wav
audio/HVC1786.wav
audio/HVC1787.wav
audio/HVC1788.wav
audio/HVC1789.wav
audio/HVC1791.wav
audio/HVC1792.wav
audio/HVC1793.wav
audio/HVC1795.wav
audio/HVC1797.wav
audio/HVC1805.wav
audio/HVC1807.wav
audio/HVC1808.wav
audio/HVC1810.wav
audio/HVC1811.wav
audio/HVC1814.wav
audio/HVC1815.wav
audio/HVC1816.wav
audio/HVC1817.wav
audio/HVC1818.wav
audio/HVC1819.wav
audio/HVC1824.wav
audio/HVC1825.wav
audio/HVC1826.wav
audio/HVC1827.wav
audio/HVC1828.wav
audio/HVC1830.wav
audio/HVC1831.wav
audio/HVC1832.wav
audio/HVC1833.wav
audio/HVC1834.wav
audio/HVC1835.wav
audio/HVC1836.wav
audio/HVC1837.wav
audio/HVC1840.wav
audio/HVC1841.wav
audio/HVC1842.wav
audio/HVC1844.wav
audio/HVC1845.wav
audio/HVC1846.wav
audio/HVC1848.wav
audio/HVC1849.wav
audio/HVC1850.wav
audio/HVC1851.wav
audio/HVC1852.wav
audio/HVC1853.wav
audio/HVC1854.wav
audio/HVC1860.wav
audio/HVC1863.wav
audio/HVC1864.wav
audio/HVC1865.wav
audio/HVC1866.wav
audio/HVC1867.wav
audio/HVC1868.wav
audio/HVC1869.wav
audio/HVC1870.wav
audio/HVC1871.wav
audio/HVC1872.wav
audio/HVC1873.wav
audio/HVC1875.wav
audio/HVC1878.wav
audio/HVC1883.wav
audio/HVC1888.wav
audio/HVC1889.wav
audio/HVC1894.wav
audio/HVC1895.wav
audio/HVC1896.wav
audio/HVC1897.wav
audio/HVC1898.wav
audio/HVC1900.wav
audio/HVC1902.wav
audio/HVC1906.wav
audio/HVC1907.wav
audio/HVC1908.wav
audio/HVC1910.wav
audio/HVC1912.wav
audio/HVC1926.wav
audio/HVC1929.wav
audio/HVC1931.wav
audio/HVC1932.wav
audio/HVC1933.wav
audio/HVC1934.wav
audio/HVC1935.wav
audio/HVC1936.wav
audio/HVC1937.wav
audio/HVC1938.wav
audio/HVC1939.wav
audio/HVC1940.wav
audio/HVC1941.wav
audio/HVC1942.wav
audio/HVC1943.wav
audio/HVC1944.wav
audio/HVC1945.wav
audio/HVC1946.wav
audio/HVC1947.wav
audio/HVC1948.wav
audio/HVC1950.wav
audio/HVC1951.wav
audio/HVC1952.wav
audio/HVC1954.wav
audio/HVC1955.wav
audio/HVC1956.wav
audio/HVC1957.wav
audio/HVC1958.wav
audio/HVC1959.wav
audio/HVC1962.wav
audio/HVC1963.wav
audio/HVC1967.wav
audio/HVC1968.wav
audio/HVC1969.wav
audio/HVC1971.wav
audio/HVC1972.wav
audio/HVC1973.wav
audio/HVC1976.wav
audio/HVC1979.wav
audio/HVC1980.wav
audio/HVC1982.wav
audio/HVC1983.wav
audio/HVC1985.wav
audio/HVC1989.wav
audio/HVC1992.wav
audio/HVC1994.wav
audio/HVC1995.wav
audio/HVC1997.wav
audio/HVC2002.wav
audio/HVC2004.wav
audio/HVC2007.wav
audio/HVC2008.wav
audio/HVC2010.wav
audio/HVC2013.wav
audio/HVC2015.wav
audio/HVC2018.wav
audio/HVC2019.wav
audio/HVC2021.wav
audio/HVC2022.wav
audio/HVC2025.wav
audio/HVC2027.wav
audio/HVC2029.wav
audio/HVC2030.wav
audio/HVC2032.wav
audio/HVC2036.wav
audio/HVC2038.wav
audio/HVC2039.wav
audio/HVC2043.wav
audio/HVC2044.wav
audio/HVC2045.wav
audio/HVC2046.wav
audio/HVC2047.wav
audio/HVC2049.wav
audio/HVC2051.wav
audio/HVC2054.wav
audio/HVC2057.wav
audio/HVC2062.wav
audio/HVC2065.wav
audio/HVC2066.wav
audio/HVC2067.wav
audio/HVC2069.wav
audio/HVC2071.wav
audio/HVC2072.wav
audio/HVC2073.wav
audio/HVC2074.wav
audio/HVC2075.wav
audio/HVC2079.wav
audio/HVC2080.wav
audio/HVC2084.wav
audio/HVC2087.wav
audio/HVC2093.wav
audio/HVC2095.wav
audio/HVC2096.wav
audio/HVC2099.wav
audio/HVC2101.wav
audio/HVC2119.wav
audio/HVC2127.wav
audio/HVC2128.wav
audio/HVC2131.wav
audio/HVC2132.wav
audio/HVC2135.wav
audio/HVC2136.wav
audio/HVC2138.wav
audio/HVC2140.wav
audio/HVC2141.wav
audio/HVC2143.wav
audio/HVC2144.wav
audio/HVC2145.wav
audio/HVC2146.wav
audio/HVC2147.wav
audio/HVC2148.wav
audio/HVC2149.wav
audio/HVC2150.wav
audio/HVC2151.wav
audio/HVC2153.wav
audio/HVC2156.wav
audio/HVC2157.wav
audio/HVC2158.wav
audio/HVC2160.wav
audio/HVC2166.wav
audio/HVC2184.wav
audio/HVC2186.wav
audio/HVC2188.wav
audio/HVC2190.wav
audio/HVC2192.wav
audio/HVC2194.wav
audio/HVC2195.wav
audio/HVC2196.wav
audio/HVC2197.wav
audio/HVC2199.wav
audio/HVC2201.wav
audio/HVC2202.wav
audio/HVC2203.wav
audio/HVC2204.wav
audio/HVC2205.wav
audio/HVC2206.wav
audio/HVC2207.wav
audio/HVC2209.wav
audio/HVC2210.wav
audio/HVC2213.wav
audio/HVC2217.wav
audio/HVC2218.wav
audio/HVC2222.wav
audio/HVC2224.wav
audio/HVC2225.wav
audio/HVC2227.wav
audio/HVC2228.wav
audio/HVC2229.wav
audio/HVC2231.wav
audio/HVC2233.wav
audio/HVC2235.wav
audio/HVC2236.wav
audio/HVC2237.wav
audio/HVC2239.wav
audio/HVC2246.wav
audio/HVC2248.wav
audio/HVC2250.wav
audio/HVC2251.wav
audio/HVC2252.wav
audio/HVC2253.wav
audio/HVC2255.wav
audio/HVC2256.wav
audio/HVC2259.wav
audio/HVC2261.wav
audio/HVC2262.wav
audio/HVC2267.wav
audio/HVC2272.wav
audio/HVC2274.wav
audio/HVC2275.wav
audio/HVC2279.wav
audio/HVC2285.wav
audio/HVC2286.wav
audio/HVC2288.wav
audio/HVC2289.wav
audio/HVC2293.wav
audio/HVC2295.wav
audio/HVC2297.wav
audio/HVC2298.wav
audio/HVC2300.wav
audio/HVC2301.wav
audio/HVC2302.wav
audio/HVC2303.wav
audio/HVC2304.wav
audio/HVC2306.wav
audio/HVC2309.wav
audio/HVC2310.wav
audio/HVC2311.wav
audio/HVC2312.wav
audio/HVC2313.wav
audio/HVC2314.wav
audio/HVC2316.wav
audio/HVC2317.wav
audio/HVC2318.wav
audio/HVC2319.wav
audio/HVC2321.wav
audio/HVC2322.wav
audio/HVC2323.wav
audio/HVC2335.wav
audio/HVC2336.wav
audio/HVC2338.wav
audio/HVC2339.wav
audio/HVC2345.wav
audio/HVC2352.wav
audio/HVC2356.wav
audio/HVC2357.wav
audio/HVC2359.wav
audio/HVC2360.wav
audio/HVC2362.wav
audio/HVC2363.wav
audio/HVC2365.wav
audio/HVC2366.wav
audio/HVC2367.wav
audio/HVC2368.wav
audio/HVC2369.wav
audio/HVC2370.wav
audio/HVC2371.wav
audio/HVC2372.wav
audio/HVC2373.wav
audio/HVC2374.wav
audio/HVC2375.wav
audio/HVC2376.wav
audio/HVC2377.wav
audio/HVC2378.wav
audio/HVC2380.wav
audio/HVC2381.wav
audio/HVC2383.wav
audio/HVC2384.wav
audio/HVC2386.wav
audio/HVC2387.wav
audio/HVC2388.wav
audio/HVC2389.wav
audio/HVC2390.wav
audio/HVC2391.wav
audio/HVC2392.wav
audio/HVC2393.wav
audio/HVC2394.wav
audio/HVC2395.wav
audio/HVC2397.wav
audio/HVC2398.wav
audio/HVC2399.wav
audio/HVC2403.wav
audio/HVC2404.wav
audio/HVC2405.wav
audio/HVC2408.wav
audio/HVC2409.wav
audio/HVC2410.wav
audio/HVC2411.wav
audio/HVC2412.wav
audio/HVC2415.wav
audio/HVC2419.wav
audio/HVC2421.wav
audio/HVC2422.wav
audio/HVC2427.wav
audio/HVC2429.wav
audio/HVC2430.wav
audio/HVC2431.wav
audio/HVC2432.wav
audio/HVC2433.wav
audio/HVC2434.wav
audio/HVC2435.wav
audio/HVC2436.wav
audio/HVC2437.wav
audio/HVC2438.wav
audio/HVC2443.wav
audio/HVC2446.wav
audio/HVC2448.wav
audio/HVC2450.wav
audio/HVC2453.wav
audio/HVC2459.wav
audio/HVC2465.wav
audio/HVC2473.wav
audio/HVC2489.wav
audio/HVC2491.wav
audio/HVC2492.wav
audio/HVC2493.wav
audio/HVC2495.wav
audio/HVC2496.wav
audio/HVC2499.wav
audio/HVC2502.wav
audio/HVC2504.wav
audio/HVC2508.wav
audio/HVC2514.wav
audio/HVC2516.wav
audio/HVC2518.wav
audio/HVC2521.wav
audio/HVC2522.wav
audio/HVC2523.wav
audio/HVC2524.wav
audio/HVC2525.wav
audio/HVC2526.wav
audio/HVC2528.wav
audio/HVC2529.wav
audio/HVC2530.wav
audio/HVC2532.wav
audio/HVC2534.wav
audio/HVC2539.wav
audio/HVC2548.wav
audio/HVC2550.wav
audio/HVC2551.wav
audio/HVC2552.wav
audio/HVC2553.wav
audio/HVC2557.wav
audio/HVC2558.wav
audio/HVC2561.wav
audio/HVC2562.wav
audio/HVC2565.wav
audio/HVC2566.wav
audio/HVC2567.wav
audio/HVC2571.wav
audio/HVC2573.wav
audio/HVC2574.wav
audio/HVC2575.wav
audio/HVC2579.wav
audio/HVC2580.wav
audio/HVC2582.wav
audio/HVC2584.wav
audio/HVC2586.wav
audio/HVC2587.wav
audio/HVC2588.wav
audio/HVC2589.wav
audio/HVC2590.wav
audio/HVC2593.wav
audio/HVC2594.wav
audio/HVC2595.wav
audio/HVC2596.wav
audio/HVC2597.wav
audio/HVC2598.wav
audio/HVC2599.wav
audio/HVC2600.wav
audio/HVC2601.wav
audio/HVC2602.wav
audio/HVC2603.wav
audio/HVC2604.wav
audio/HVC2606.wav
audio/HVC2607.wav
audio/HVC2608.wav
audio/HVC2609.wav
audio/HVC2610.wav
audio/HVC2611.wav
audio/HVC2612.wav
audio/HVC2613.wav
audio/HVC2615.wav
audio/HVC2616.wav
audio/HVC2617.wav
audio/HVC2618.wav
audio/HVC2619.wav
audio/HVC2621.wav
audio/HVC2622.wav
audio/HVC2623.wav
audio/HVC2624.wav
audio/HVC2625.wav
audio/HVC2627.wav
audio/HVC2628.wav
audio/HVC2629.wav
audio/HVC2630.wav
audio/HVC2635.wav
audio/HVC2636.wav
audio/HVC2637.wav
audio/HVC2639.wav
audio/HVC2640.wav
audio/HVC2641.wav
audio/HVC2642.wav
audio/HVC2645.wav
audio/HVC2646.wav
audio/HVC2647.wav
audio/HVC2648.wav
audio/HVC2649.wav
audio/HVC2650.wav
audio/HVC2652.wav
audio/HVC2654.wav
audio/HVC2655.wav
audio/HVC2656.wav
audio/HVC2657.wav
audio/HVC2658.wav
audio/HVC2667.wav
audio/HVC2668.wav
audio/HVC2669.wav
audio/HVC2670.wav
audio/HVC2672.wav
audio/HVC2673.wav
audio/HVC2674.wav
audio/HVC2675.wav
audio/HVC2677.wav
audio/HVC2678.wav
audio/HVC2682.wav
audio/HVC2683.wav
audio/HVC2685.wav
audio/HVC2687.wav
audio/HVC2688.wav
audio/HVC2689.wav
audio/HVC2690.wav
audio/HVC2691.wav
audio/HVC2692.wav
audio/HVC2693.wav
audio/HVC2695.wav
audio/HVC2696.wav
audio/HVC2698.wav
audio/HVC2699.wav
audio/HVC2701.wav
audio/HVC2702.wav
audio/HVC2703.wav
audio/HVC2704.wav
audio/HVC2705.wav
audio/HVC2707.wav
audio/HVC2708.wav
audio/HVC2710.wav
audio/HVC2711.wav
audio/HVC2712.wav
audio/HVC2713.wav
audio/HVC2715.wav
audio/HVC2716.wav
audio/HVC2717.wav
audio/HVC2718.wav
audio/HVC2719.wav
audio/HVC2720.wav
audio/HVC2721.wav
audio/HVC2722.wav
audio/HVC2723.wav
audio/HVC2724.wav
audio/HVC2725.wav
audio/HVC2726.wav
audio/HVC2727.wav
audio/HVC2728.wav
audio/HVC2729.wav
audio/HVC2730.wav
audio/HVC2732.wav
audio/HVC2733.wav
audio/HVC2734.wav
audio/HVC2735.wav
audio/HVC2736.wav
audio/HVC2739.wav
audio/HVC2740.wav
audio/HVC2741.wav
audio/HVC2742.wav
audio/HVC2744.wav
audio/HVC2747.wav
audio/HVC2749.wav
audio/HVC2754.wav
audio/HVC2759.wav
audio/HVC2760.wav
audio/HVC2762.wav
audio/HVC2765.wav
audio/HVC2768.wav
audio/HVC2769.wav
audio/HVC2770.wav
audio/HVC2777.wav
audio/HVC2779.wav
audio/HVC2782.wav
audio/HVC2785.wav
audio/HVC2786.wav
audio/HVC2787.wav
audio/HVC2789.wav
audio/HVC2790.wav
audio/HVC2791.wav
audio/HVC2792.wav
audio/HVC2793.wav
audio/HVC2795.wav
audio/HVC2797.wav
audio/HVC2798.wav
audio/HVC2799.wav
audio/HVC2800.wav
audio/HVC2802.wav
audio/HVC2803.wav
audio/HVC2805.wav
audio/HVC2807.wav
audio/HVC2808.wav
audio/HVC2810.wav
audio/HVC2812.wav
audio/HVC2813.wav
audio/HVC2814.wav
audio/HVC2815.wav
audio/HVC2818.wav
audio/HVC2819.wav
audio/HVC2820.wav
audio/HVC2821.wav
audio/HVC2822.wav
audio/HVC2823.wav
audio/HVC2824.wav
audio/HVC2825.wav
audio/HVC2828.wav
audio/HVC2832.wav
audio/HVC2834.wav
audio/HVC2835.wav
audio/HVC2836.wav
audio/HVC2837.wav
audio/HVC2838.wav
audio/HVC2839.wav
audio/HVC2840.wav
audio/HVC2841.wav
audio/HVC2842.wav
audio/HVC2843.wav
audio/HVC2844.wav
audio/HVC2845.wav
audio/HVC2846.wav
audio/HVC2847.wav
audio/HVC2848.wav
audio/HVC285.wav
audio/HVC2853.wav
audio/HVC2855.wav
audio/HVC2856.wav
audio/HVC2857.wav
audio/HVC2858.wav
audio/HVC2859.wav
audio/HVC286.wav
audio/HVC2860.wav
audio/HVC288.wav
audio/HVC3000.wav
audio/HVC3002.wav
audio/HVC3004.wav
audio/HVC3005.wav
audio/HVC3006.wav
audio/HVC3007.wav
audio/HVC3008.wav
audio/HVC3009.wav
audio/HVC3010.wav
audio/HVC3011.wav
audio/HVC3012.wav
audio/HVC3013.wav
audio/HVC3014.wav
audio/HVC3015.wav
audio/HVC3016.wav
audio/HVC3017.wav
audio/HVC3019.wav
audio/HVC3020.wav
audio/HVC3021.wav
audio/HVC3022.wav
audio/HVC3023.wav
audio/HVC3024.wav
audio/HVC3025.wav
audio/HVC3027.wav
audio/HVC3028.wav
audio/HVC3031.wav
audio/HVC3032.wav
audio/HVC3033.wav
audio/HVC3034.wav
audio/HVC3060.wav
audio/HVC3068.wav
audio/HVC3071.wav
audio/HVC3072.wav
audio/HVC3077.wav
audio/HVC3078.wav
audio/HVC3079.wav
audio/HVC3080.wav
audio/HVC3081.wav
audio/HVC3082.wav
audio/HVC3083.wav
audio/HVC3085.wav
audio/HVC3086.wav
audio/HVC3087.wav
audio/HVC3089.wav
audio/HVC3090.wav
audio/HVC3091.wav
audio/HVC3092.wav
audio/HVC3093.wav
audio/HVC3095.wav
audio/HVC3097.wav
audio/HVC3099.wav
audio/HVC3100.wav
audio/HVC3101.wav
audio/HVC3102.wav
audio/HVC3103.wav
audio/HVC3104.wav
audio/HVC3106.wav
audio/HVC3107.wav
audio/HVC3109.wav
audio/HVC3110.wav
audio/HVC3111.wav
audio/HVC3113.wav
audio/HVC3114.wav
audio/HVC3116.wav
audio/HVC3117.wav
audio/HVC3118.wav
audio/HVC3119.wav
audio/HVC3121.wav
audio/HVC3122.wav
audio/HVC3123.wav
audio/HVC3124.wav
audio/HVC3125.wav
audio/HVC3126.wav
audio/HVC3128.wav
audio/HVC3129.wav
audio/HVC3130.wav
audio/HVC3131.wav
audio/HVC3132.wav
audio/HVC3133.wav
audio/HVC3135.wav
audio/HVC3136.wav
audio/HVC3137.wav
audio/HVC3138.wav
audio/HVC3139.wav
audio/HVC314.wav
audio/HVC3140.wav
audio/HVC3141.wav
audio/HVC3142.wav
audio/HVC3143.wav
audio/HVC3144.wav
audio/HVC3145.wav
audio/HVC3147.wav
audio/HVC3148.wav
audio/HVC3149.wav
audio/HVC3152.wav
audio/HVC3153.wav
audio/HVC3154.wav
audio/HVC3155.wav
audio/HVC3156.wav
audio/HVC3157.wav
audio/HVC3159.wav
audio/HVC3160.wav
audio/HVC3162.wav
audio/HVC3166.wav
audio/HVC3167.wav
audio/HVC3168.wav
audio/HVC3169.wav
audio/HVC3170.wav
audio/HVC3171.wav
audio/HVC3173.wav
audio/HVC3174.wav
audio/HVC3175.wav
audio/HVC3177.wav
audio/HVC3178.wav
audio/HVC3180.wav
audio/HVC3183.wav
audio/HVC3184.wav
audio/HVC3185.wav
audio/HVC3186.wav
audio/HVC3187.wav
audio/HVC3188.wav
audio/HVC3189.wav
audio/HVC3190.wav
audio/HVC3193.wav
audio/HVC3195.wav
audio/HVC3196.wav
audio/HVC3197.wav
audio/HVC3199.wav
audio/HVC3200.wav
audio/HVC3202.wav
audio/HVC3203.wav
audio/HVC3204.wav
audio/HVC3205.wav
audio/HVC3206.wav
audio/HVC3207.wav
audio/HVC3208.wav
audio/HVC3209.wav
audio/HVC3210.wav
audio/HVC3211.wav
audio/HVC3212.wav
audio/HVC3213.wav
audio/HVC3214.wav
audio/HVC3215.wav
audio/HVC3217.wav
audio/HVC3218.wav
audio/HVC3219.wav
audio/HVC3220.wav
audio/HVC3221.wav
audio/HVC3222.wav
audio/HVC3223.wav
audio/HVC3224.wav
audio/HVC3225.wav
audio/HVC3226.wav
audio/HVC3237.wav
audio/HVC3254.wav
audio/HVC3256.wav
audio/HVC3257.wav
audio/HVC3259.wav
audio/HVC326.wav
audio/HVC3261.wav
audio/HVC3262.wav
audio/HVC3264.wav
audio/HVC3265.wav
audio/HVC3266.wav
audio/HVC3267.wav
audio/HVC3268.wav
audio/HVC3269.wav
audio/HVC3270.wav
audio/HVC3271.wav
audio/HVC3272.wav
audio/HVC3277.wav
audio/HVC3279.wav
audio/HVC328.wav
audio/HVC3280.wav
audio/HVC3282.wav
audio/HVC3283.wav
audio/HVC3285.wav
audio/HVC3286.wav
audio/HVC3287.wav
audio/HVC3288.wav
audio/HVC3289.wav
audio/HVC329.wav
audio/HVC3290.wav
audio/HVC3291.wav
audio/HVC3292.wav
audio/HVC3293.wav
audio/HVC3295.wav
audio/HVC3296.wav
audio/HVC3297.wav
audio/HVC3298.wav
audio/HVC3299.wav
audio/HVC330.wav
audio/HVC3300.wav
audio/HVC3301.wav
audio/HVC3302.wav
audio/HVC3303.wav
audio/HVC3304.wav
audio/HVC3305.wav
audio/HVC3307.wav
audio/HVC3308.wav
audio/HVC3309.wav
audio/HVC3311.wav
audio/HVC3313.wav
audio/HVC3314.wav
audio/HVC3315.wav
audio/HVC3316.wav
audio/HVC3317.wav
audio/HVC3318.wav
audio/HVC3319.wav
audio/HVC332.wav
audio/HVC3320.wav
audio/HVC3321.wav
audio/HVC3322.wav
audio/HVC3323.wav
audio/HVC3324.wav
audio/HVC3325.wav
audio/HVC3326.wav
audio/HVC3327.wav
audio/HVC3329.wav
audio/HVC333.wav
audio/HVC3332.wav
audio/HVC3333.wav
audio/HVC3334.wav
audio/HVC3335.wav
audio/HVC3336.wav
audio/HVC3337.wav
audio/HVC3338.wav
audio/HVC3339.wav
audio/HVC3341.wav
audio/HVC3342.wav
audio/HVC3343.wav
audio/HVC3345.wav
audio/HVC3346.wav
audio/HVC3348.wav
audio/HVC3349.wav
audio/HVC3350.wav
audio/HVC3353.wav
audio/HVC3358.wav
audio/HVC3359.wav
audio/HVC3361.wav
audio/HVC3371.wav
audio/HVC3372.wav
audio/HVC3373.wav
audio/HVC3394.wav
audio/HVC3396.wav
audio/HVC3400.wav
audio/HVC3406.wav
audio/HVC3410.wav
audio/HVC3416.wav
audio/HVC3424.wav
audio/HVC3428.wav
audio/HVC3429.wav
audio/HVC3431.wav
audio/HVC3432.wav
audio/HVC3433.wav
audio/HVC3438.wav
audio/HVC3439.wav
audio/HVC3441.wav
audio/HVC3443.wav
audio/HVC3448.wav
audio/HVC3449.wav
audio/HVC3458.wav
audio/HVC3479.wav
audio/HVC3480.wav
audio/HVC3481.wav
audio/HVC3482.wav
audio/HVC3483.wav
audio/HVC3484.wav
audio/HVC3491.wav
audio/HVC3492.wav
audio/HVC3493.wav
audio/HVC3495.wav
audio/HVC3496.wav
audio/HVC3498.wav
audio/HVC3499.wav
audio/HVC3501.wav
audio/HVC3502.wav
audio/HVC3503.wav
audio/HVC3506.wav
audio/HVC3508.wav
audio/HVC3509.wav
audio/HVC3510.wav
audio/HVC3512.wav
audio/HVC3513.wav
audio/HVC3516.wav
audio/HVC3517.wav
audio/HVC3518.wav
audio/HVC3519.wav
audio/HVC3521.wav
audio/HVC3522.wav
audio/HVC3523.wav
audio/HVC3524.wav
audio/HVC3525.wav
audio/HVC3526.wav
audio/HVC3528.wav
audio/HVC3529.wav
audio/HVC3530.wav
audio/HVC3532.wav
audio/HVC3534.wav
audio/HVC3536.wav
audio/HVC3537.wav
audio/HVC3538.wav
audio/HVC3539.wav
audio/HVC3540.wav
audio/HVC3541.wav
audio/HVC3542.wav
audio/HVC3543.wav
audio/HVC3544.wav
audio/HVC3545.wav
audio/HVC3548.wav
audio/HVC3549.wav
audio/HVC3551.wav
audio/HVC3554.wav
audio/HVC3555.wav
audio/HVC3556.wav
audio/HVC3557.wav
audio/HVC3558.wav
audio/HVC3559.wav
audio/HVC356.wav
audio/HVC3560.wav
audio/HVC3561.wav
audio/HVC3563.wav
audio/HVC3564.wav
audio/HVC3566.wav
audio/HVC3567.wav
audio/HVC3569.wav
audio/HVC3571.wav
audio/HVC3572.wav
audio/HVC3573.wav
audio/HVC3574.wav
audio/HVC3576.wav
audio/HVC3577.wav
audio/HVC3578.wav
audio/HVC3579.wav
audio/HVC3581.wav
audio/HVC3583.wav
audio/HVC3584.wav
audio/HVC3585.wav
audio/HVC3586.wav
audio/HVC3587.wav
audio/HVC3589.wav
audio/HVC3590.wav
audio/HVC3591.wav
audio/HVC3592.wav
audio/HVC3593.wav
audio/HVC3596.wav
audio/HVC3597.wav
audio/HVC3598.wav
audio/HVC3599.wav
audio/HVC3600.wav
audio/HVC3601.wav
audio/HVC3602.wav
audio/HVC3603.wav
audio/HVC3605.wav
audio/HVC3618.wav
audio/HVC3621.wav
audio/HVC3625.wav
audio/HVC3626.wav
audio/HVC3632.wav
audio/HVC3637.wav
audio/HVC3638.wav
audio/HVC3639.wav
audio/HVC3643.wav
audio/HVC3644.wav
audio/HVC3645.wav
audio/HVC3647.wav
audio/HVC3649.wav
audio/HVC3650.wav
audio/HVC3651.wav
audio/HVC3652.wav
audio/HVC3653.wav
audio/HVC3654.wav
audio/HVC3655.wav
audio/HVC3656.wav
audio/HVC3657.wav
audio/HVC3659.wav
audio/HVC3660.wav
audio/HVC3662.wav
audio/HVC3663.wav
audio/HVC3664.wav
audio/HVC3665.wav
audio/HVC3666.wav
audio/HVC3669.wav
audio/HVC3672.wav
audio/HVC3676.wav
audio/HVC3677.wav
audio/HVC3678.wav
audio/HVC3679.wav
audio/HVC3680.wav
audio/HVC3681.wav
audio/HVC3682.wav
audio/HVC3685.wav
audio/HVC3686.wav
audio/HVC3688.wav
audio/HVC3689.wav
audio/HVC3690.wav
audio/HVC3691.wav
audio/HVC3692.wav
audio/HVC3693.wav
audio/HVC3694.wav
audio/HVC3695.wav
audio/HVC3696.wav
audio/HVC3697.wav
audio/HVC3698.wav
audio/HVC3699.wav
audio/HVC3700.wav
audio/HVC3701.wav
audio/HVC3702.wav
audio/HVC3704.wav
audio/HVC3705.wav
audio/HVC3706.wav
audio/HVC3707.wav
audio/HVC3708.wav
audio/HVC3709.wav
audio/HVC3710.wav
audio/HVC3711.wav
audio/HVC3712.wav
audio/HVC3714.wav
audio/HVC3715.wav
audio/HVC3717.wav
audio/HVC3718.wav
audio/HVC3719.wav
audio/HVC3722.wav
audio/HVC3723.wav
audio/HVC3724.wav
audio/HVC3726.wav
audio/HVC3727.wav
audio/HVC3728.wav
audio/HVC3729.wav
audio/HVC3730.wav
audio/HVC3731.wav
audio/HVC3732.wav
audio/HVC3733.wav
audio/HVC3734.wav
audio/HVC3738.wav
audio/HVC3741.wav
audio/HVC3742.wav
audio/HVC3744.wav
audio/HVC3746.wav
audio/HVC3748.wav
audio/HVC3749.wav
audio/HVC3750.wav
audio/HVC3752.wav
audio/HVC3753.wav
audio/HVC3754.wav
audio/HVC3755.wav
audio/HVC3756.wav
audio/HVC3757.wav
audio/HVC3758.wav
audio/HVC3759.wav
audio/HVC3760.wav
audio/HVC3761.wav
audio/HVC3762.wav
audio/HVC3763.wav
audio/HVC3764.wav
audio/HVC3765.wav
audio/HVC3766.wav
audio/HVC3767.wav
audio/HVC3768.wav
audio/HVC3770.wav
audio/HVC3771.wav
audio/HVC3772.wav
audio/HVC3773.wav
audio/HVC3776.wav
audio/HVC3777.wav
audio/HVC3778.wav
audio/HVC3779.wav
audio/HVC3780.wav
audio/HVC3781.wav
audio/HVC3782.wav
audio/HVC3784.wav
audio/HVC3786.wav
audio/HVC3787.wav
audio/HVC3788.wav
audio/HVC3789.wav
audio/HVC3791.wav
audio/HVC3792.wav
audio/HVC3793.wav
audio/HVC3794.wav
audio/HVC3795.wav
audio/HVC3796.wav
audio/HVC3798.wav
audio/HVC3799.wav
audio/HVC3800.wav
audio/HVC3801.wav
audio/HVC3802.wav
audio/HVC3803.wav
audio/HVC3804.wav
audio/HVC3805.wav
audio/HVC3806.wav
audio/HVC3807.wav
audio/HVC3808.wav
audio/HVC3809.wav
audio/HVC3810.wav
audio/HVC3811.wav
audio/HVC3812.wav
audio/HVC3814.wav
audio/HVC3815.wav
audio/HVC3816.wav
audio/HVC3818.wav
audio/HVC3820.wav
audio/HVC3821.wav
audio/HVC3822.wav
audio/HVC3825.wav
audio/HVC3826.wav
audio/HVC3832.wav
audio/HVC3835.wav
audio/HVC3837.wav
audio/HVC3839.wav
audio/HVC3840.wav
audio/HVC3841.wav
audio/HVC3842.wav
audio/HVC3843.wav
audio/HVC3845.wav
audio/HVC3846.wav
audio/HVC3847.wav
audio/HVC3848.wav
audio/HVC3849.wav
audio/HVC3850.wav
audio/HVC3852.wav
audio/HVC3855.wav
audio/HVC3856.wav
audio/HVC3857.wav
audio/HVC3859.wav
audio/HVC386.wav
audio/HVC3860.wav
audio/HVC3861.wav
audio/HVC3862.wav
audio/HVC3863.wav
audio/HVC3864.wav
audio/HVC3865.wav
audio/HVC3866.wav
audio/HVC3867.wav
audio/HVC3868.wav
audio/HVC3869.wav
audio/HVC387.wav
audio/HVC3870.wav
audio/HVC3871.wav
audio/HVC3872.wav
audio/HVC3873.wav
audio/HVC3874.wav
audio/HVC3875.wav
audio/HVC3876.wav
audio/HVC3877.wav
audio/HVC3878.wav
audio/HVC3879.wav
audio/HVC3880.wav
audio/HVC3881.wav
audio/HVC3883.wav
audio/HVC3884.wav
audio/HVC3886.wav
audio/HVC3887.wav
audio/HVC3888.wav
audio/HVC3889.wav
audio/HVC389.wav
audio/HVC3890.wav
audio/HVC3891.wav
audio/HVC3892.wav
audio/HVC3893.wav
audio/HVC3895.wav
audio/HVC3897.wav
audio/HVC3898.wav
audio/HVC3899.wav
audio/HVC3900.wav
audio/HVC3901.wav
audio/HVC3902.wav
audio/HVC3903.wav
audio/HVC3904.wav
audio/HVC3905.wav
audio/HVC3907.wav
audio/HVC3908.wav
audio/HVC3909.wav
audio/HVC3910.wav
audio/HVC3911.wav
audio/HVC3912.wav
audio/HVC3913.wav
audio/HVC3914.wav
audio/HVC3915.wav
audio/HVC3916.wav
audio/HVC3918.wav
audio/HVC3919.wav
audio/HVC3920.wav
audio/HVC3921.wav
audio/HVC3922.wav
audio/HVC3923.wav
audio/HVC3924.wav
audio/HVC3925.wav
audio/HVC3926.wav
audio/HVC3927.wav
audio/HVC3928.wav
audio/HVC3929.wav
audio/HVC3931.wav
audio/HVC3932.wav
audio/HVC3933.wav
audio/HVC3935.wav
audio/HVC3936.wav
audio/HVC3937.wav
audio/HVC3938.wav
audio/HVC3939.wav
audio/HVC3941.wav
audio/HVC3942.wav
audio/HVC3943.wav
audio/HVC3944.wav
audio/HVC3945.wav
audio/HVC3946.wav
audio/HVC3947.wav
audio/HVC3948.wav
audio/HVC3949.wav
audio/HVC3950.wav
audio/HVC3951.wav
audio/HVC3952.wav
audio/HVC3954.wav
audio/HVC3955.wav
audio/HVC3956.wav
audio/HVC3957.wav
audio/HVC3960.wav
audio/HVC3962.wav
audio/HVC3965.wav
audio/HVC3968.wav
audio/HVC397.wav
audio/HVC3970.wav
audio/HVC3971.wav
audio/HVC3976.wav
audio/HVC3977.wav
audio/HVC3983.wav
audio/HVC3985.wav
audio/HVC3988.wav
audio/HVC3990.wav
audio/HVC3994.wav
audio/HVC3995.wav
audio/HVC3996.wav
audio/HVC3999.wav
audio/HVC4003.wav
audio/HVC4004.wav
audio/HVC4018.wav
audio/HVC4021.wav
audio/HVC4022.wav
audio/HVC4023.wav
audio/HVC4025.wav
audio/HVC4026.wav
audio/HVC4027.wav
audio/HVC4032.wav
audio/HVC4035.wav
audio/HVC4036.wav
audio/HVC4039.wav
audio/HVC4040.wav
audio/HVC4041.wav
audio/HVC4042.wav
audio/HVC4043.wav
audio/HVC4044.wav
audio/HVC4045.wav
audio/HVC4046.wav
audio/HVC4047.wav
audio/HVC4049.wav
audio/HVC4051.wav
audio/HVC4052.wav
audio/HVC4054.wav
audio/HVC4055.wav
audio/HVC4056.wav
audio/HVC4057.wav
audio/HVC4061.wav
audio/HVC4062.wav
audio/HVC4064.wav
audio/HVC4065.wav
audio/HVC4066.wav
audio/HVC4068.wav
audio/HVC4069.wav
audio/HVC4070.wav
audio/HVC4071.wav
audio/HVC4072.wav
audio/HVC4073.wav
audio/HVC4074.wav
audio/HVC4076.wav
audio/HVC4079.wav
audio/HVC4082.wav
audio/HVC4083.wav
audio/HVC4084.wav
audio/HVC4085.wav
audio/HVC4086.wav
audio/HVC4087.wav
audio/HVC4088.wav
audio/HVC4089.wav
audio/HVC4090.wav
audio/HVC4091.wav
audio/HVC4092.wav
audio/HVC4093.wav
audio/HVC4095.wav
audio/HVC4096.wav
audio/HVC4098.wav
audio/HVC4099.wav
audio/HVC4100.wav
audio/HVC4101.wav
audio/HVC4102.wav
audio/HVC4103.wav
audio/HVC4104.wav
audio/HVC4105.wav
audio/HVC4106.wav
audio/HVC4107.wav
audio/HVC4108.wav
audio/HVC4109.wav
audio/HVC4110.wav
audio/HVC4111.wav
audio/HVC4112.wav
audio/HVC4113.wav
audio/HVC4114.wav
audio/HVC4115.wav
audio/HVC4116.wav
audio/HVC4117.wav
audio/HVC4118.wav
audio/HVC4119.wav
audio/HVC4121.wav
audio/HVC4122.wav
audio/HVC4123.wav
audio/HVC4124.wav
audio/HVC4125.wav
audio/HVC4126.wav
audio/HVC4127.wav
audio/HVC4128.wav
audio/HVC4129.wav
audio/HVC4130.wav
audio/HVC4131.wav
audio/HVC4132.wav
audio/HVC4134.wav
audio/HVC4135.wav
audio/HVC4136.wav
audio/HVC4137.wav
audio/HVC4138.wav
audio/HVC4140.wav
audio/HVC4141.wav
audio/HVC4142.wav
audio/HVC4143.wav
audio/HVC4144.wav
audio/HVC4147.wav
audio/HVC4149.wav
audio/HVC4151.wav
audio/HVC4152.wav
audio/HVC4153.wav
audio/HVC4154.wav
audio/HVC4155.wav
audio/HVC4157.wav
audio/HVC4159.wav
audio/HVC4160.wav
audio/HVC4163.wav
audio/HVC4170.wav
audio/HVC4171.wav
audio/HVC4173.wav
audio/HVC4175.wav
audio/HVC4177.wav
audio/HVC4179.wav
audio/HVC4189.wav
audio/HVC4194.wav
audio/HVC4196.wav
audio/HVC4197.wav
audio/HVC4198.wav
audio/HVC4200.wav
audio/HVC4201.wav
audio/HVC4202.wav
audio/HVC4203.wav
audio/HVC4204.wav
audio/HVC4205.wav
audio/HVC4207.wav
audio/HVC4208.wav
audio/HVC4209.wav
audio/HVC4210.wav
audio/HVC4212.wav
audio/HVC4213.wav
audio/HVC4214.wav
audio/HVC4217.wav
audio/HVC4218.wav
audio/HVC4219.wav
audio/HVC422.wav
audio/HVC4220.wav
audio/HVC4221.wav
audio/HVC4222.wav
audio/HVC4223.wav
audio/HVC4225.wav
audio/HVC4226.wav
audio/HVC4228.wav
audio/HVC4230.wav
audio/HVC4231.wav
audio/HVC4232.wav
audio/HVC4233.wav
audio/HVC4234.wav
audio/HVC4235.wav
audio/HVC4236.wav
audio/HVC4241.wav
audio/HVC4243.wav
audio/HVC4246.wav
audio/HVC4248.wav
audio/HVC4251.wav
audio/HVC4254.wav
audio/HVC4258.wav
audio/HVC4261.wav
audio/HVC4262.wav
audio/HVC4267.wav
audio/HVC4268.wav
audio/HVC4270.wav
audio/HVC4271.wav
audio/HVC4273.wav
audio/HVC4275.wav
audio/HVC4278.wav
audio/HVC4283.wav
audio/HVC4285.wav
audio/HVC4288.wav
audio/HVC4295.wav
audio/HVC4305.wav
audio/HVC4307.wav
audio/HVC4309.wav
audio/HVC4319.wav
audio/HVC4321.wav
audio/HVC4323.wav
audio/HVC4324.wav
audio/HVC4325.wav
audio/HVC4326.wav
audio/HVC4330.wav
audio/HVC4335.wav
audio/HVC4343.wav
audio/HVC4350.wav
audio/HVC4351.wav
audio/HVC4352.wav
audio/HVC4355.wav
audio/HVC4356.wav
audio/HVC4359.wav
audio/HVC4362.wav
audio/HVC4363.wav
audio/HVC4364.wav
audio/HVC4366.wav
audio/HVC4368.wav
audio/HVC4373.wav
audio/HVC4374.wav
audio/HVC4375.wav
audio/HVC4377.wav
audio/HVC4381.wav
audio/HVC4382.wav
audio/HVC4385.wav
audio/HVC4386.wav
audio/HVC4387.wav
audio/HVC4388.wav
audio/HVC4390.wav
audio/HVC4392.wav
audio/HVC4394.wav
audio/HVC4395.wav
audio/HVC4397.wav
audio/HVC4398.wav
audio/HVC4399.wav
audio/HVC4400.wav
audio/HVC4401.wav
audio/HVC4402.wav
audio/HVC4404.wav
audio/HVC4405.wav
audio/HVC4407.wav
audio/HVC4409.wav
audio/HVC4410.wav
audio/HVC4411.wav
audio/HVC4412.wav
audio/HVC4415.wav
audio/HVC4416.wav
audio/HVC4417.wav
audio/HVC4418.wav
audio/HVC4419.wav
audio/HVC4420.wav
audio/HVC4421.wav
audio/HVC4422.wav
audio/HVC4423.wav
audio/HVC4424.wav
audio/HVC4425.wav
audio/HVC4426.wav
audio/HVC4428.wav
audio/HVC443.wav
audio/HVC4430.wav
audio/HVC4431.wav
audio/HVC4432.wav
audio/HVC4433.wav
audio/HVC4434.wav
audio/HVC4435.wav
audio/HVC4437.wav
audio/HVC4438.wav
audio/HVC4439.wav
audio/HVC444.wav
audio/HVC4440.wav
audio/HVC4441.wav
audio/HVC4442.wav
audio/HVC4444.wav
audio/HVC4445.wav
audio/HVC4446.wav
audio/HVC4447.wav
audio/HVC4448.wav
audio/HVC4450.wav
audio/HVC4451.wav
audio/HVC4452.wav
audio/HVC4454.wav
audio/HVC4455.wav
audio/HVC4456.wav
audio/HVC4457.wav
audio/HVC4458.wav
audio/HVC4459.wav
audio/HVC4460.wav
audio/HVC4461.wav
audio/HVC4462.wav
audio/HVC4463.wav
audio/HVC4464.wav
audio/HVC4465.wav
audio/HVC4466.wav
audio/HVC4467.wav
audio/HVC4468.wav
audio/HVC4469.wav
audio/HVC4470.wav
audio/HVC4471.wav
audio/HVC4472.wav
audio/HVC4473.wav
audio/HVC4474.wav
audio/HVC4475.wav
audio/HVC4476.wav
audio/HVC4477.wav
audio/HVC4478.wav
audio/HVC4479.wav
audio/HVC4481.wav
audio/HVC4482.wav
audio/HVC4483.wav
audio/HVC4484.wav
audio/HVC4485.wav
audio/HVC4486.wav
audio/HVC4487.wav
audio/HVC4488.wav
audio/HVC4489.wav
audio/HVC4490.wav
audio/HVC4491.wav
audio/HVC4492.wav
audio/HVC4493.wav
audio/HVC4494.wav
audio/HVC4495.wav
audio/HVC4496.wav
audio/HVC4498.wav
audio/HVC4499.wav
audio/HVC4500.wav
audio/HVC4501.wav
audio/HVC4502.wav
audio/HVC4503.wav
audio/HVC4504.wav
audio/HVC4505.wav
audio/HVC4507.wav
audio/HVC4508.wav
audio/HVC4511.wav
audio/HVC4512.wav
audio/HVC4513.wav
audio/HVC4516.wav
audio/HVC4517.wav
audio/HVC4518.wav
audio/HVC4519.wav
audio/HVC4520.wav
audio/HVC4521.wav
audio/HVC4522.wav
audio/HVC4523.wav
audio/HVC4524.wav
audio/HVC4525.wav
audio/HVC4527.wav
audio/HVC4528.wav
audio/HVC4529.wav
audio/HVC4530.wav
audio/HVC4531.wav
audio/HVC4532.wav
audio/HVC4533.wav
audio/HVC4535.wav
audio/HVC4536.wav
audio/HVC4537.wav
audio/HVC4538.wav
audio/HVC4539.wav
audio/HVC4540.wav
audio/HVC4541.wav
audio/HVC4543.wav
audio/HVC4544.wav
audio/HVC4545.wav
audio/HVC4546.wav
audio/HVC4547.wav
audio/HVC4548.wav
audio/HVC4550.wav
audio/HVC4551.wav
audio/HVC4552.wav
audio/HVC4554.wav
audio/HVC4555.wav
audio/HVC4556.wav
audio/HVC4557.wav
audio/HVC4558.wav
audio/HVC4559.wav
audio/HVC4561.wav
audio/HVC4562.wav
audio/HVC4564.wav
audio/HVC4565.wav
audio/HVC4566.wav
audio/HVC4567.wav
audio/HVC4569.wav
audio/HVC4570.wav
audio/HVC4571.wav
audio/HVC4572.wav
audio/HVC4573.wav
audio/HVC4574.wav
audio/HVC4575.wav
audio/HVC4576.wav
audio/HVC4577.wav
audio/HVC4579.wav
audio/HVC4580.wav
audio/HVC4581.wav
audio/HVC4582.wav
audio/HVC4583.wav
audio/HVC4585.wav
audio/HVC4586.wav
audio/HVC4587.wav
audio/HVC4588.wav
audio/HVC4589.wav
audio/HVC4590.wav
audio/HVC4591.wav
audio/HVC4592.wav
audio/HVC4593.wav
audio/HVC4596.wav
audio/HVC4599.wav
audio/HVC4600.wav
audio/HVC4602.wav
audio/HVC4605.wav
audio/HVC4606.wav
audio/HVC4607.wav
audio/HVC4608.wav
audio/HVC4609.wav
audio/HVC4610.wav
audio/HVC4612.wav
audio/HVC4613.wav
audio/HVC4614.wav
audio/HVC4616.wav
audio/HVC4617.wav
audio/HVC4618.wav
audio/HVC4619.wav
audio/HVC4620.wav
audio/HVC4622.wav
audio/HVC4623.wav
audio/HVC4625.wav
audio/HVC4626.wav
audio/HVC4627.wav
audio/HVC4629.wav
audio/HVC4630.wav
audio/HVC4631.wav
audio/HVC4632.wav
audio/HVC4633.wav
audio/HVC4634.wav
audio/HVC4637.wav
audio/HVC4638.wav
audio/HVC4639.wav
audio/HVC4640.wav
audio/HVC4641.wav
audio/HVC4642.wav
audio/HVC4643.wav
audio/HVC4644.wav
audio/HVC4645.wav
audio/HVC4647.wav
audio/HVC4648.wav
audio/HVC4649.wav
audio/HVC4650.wav
audio/HVC4651.wav
audio/HVC4652.wav
audio/HVC4653.wav
audio/HVC4654.wav
audio/HVC4655.wav
audio/HVC4656.wav
audio/HVC4657.wav
audio/HVC4658.wav
audio/HVC4659.wav
audio/HVC4660.wav
audio/HVC4661.wav
audio/HVC4662.wav
audio/HVC4663.wav
audio/HVC4664.wav
audio/HVC4665.wav
audio/HVC4666.wav
audio/HVC4667.wav
audio/HVC4669.wav
audio/HVC4670.wav
audio/HVC4671.wav
audio/HVC4672.wav
audio/HVC4673.wav
audio/HVC4674.wav
audio/HVC4675.wav
audio/HVC4676.wav
audio/HVC4678.wav
audio/HVC4679.wav
audio/HVC468.wav
audio/HVC4680.wav
audio/HVC4681.wav
audio/HVC4682.wav
audio/HVC4683.wav
audio/HVC4684.wav
audio/HVC4685.wav
audio/HVC4686.wav
audio/HVC4687.wav
audio/HVC4688.wav
audio/HVC4689.wav
audio/HVC469.wav
audio/HVC4690.wav
audio/HVC4691.wav
audio/HVC4692.wav
audio/HVC470.wav
audio/HVC4704.wav
audio/HVC4705.wav
audio/HVC4706.wav
audio/HVC4707.wav
audio/HVC4708.wav
audio/HVC4709.wav
audio/HVC4710.wav
audio/HVC4711.wav
audio/HVC4712.wav
audio/HVC4714.wav
audio/HVC4715.wav
audio/HVC4716.wav
audio/HVC4717.wav
audio/HVC4718.wav
audio/HVC4719.wav
audio/HVC472.wav
audio/HVC4720.wav
audio/HVC4721.wav
audio/HVC4722.wav
audio/HVC4723.wav
audio/HVC4724.wav
audio/HVC4725.wav
audio/HVC4726.wav
audio/HVC4727.wav
audio/HVC4729.wav
audio/HVC473.wav
audio/HVC4730.wav
audio/HVC4731.wav
audio/HVC4732.wav
audio/HVC4733.wav
audio/HVC4734.wav
audio/HVC4737.wav
audio/HVC4738.wav
audio/HVC4739.wav
audio/HVC474.wav
audio/HVC4740.wav
audio/HVC4741.wav
audio/HVC4742.wav
audio/HVC4743.wav
audio/HVC4744.wav
audio/HVC4745.wav
audio/HVC4746.wav
audio/HVC4747.wav
audio/HVC4748.wav
audio/HVC4749.wav
audio/HVC475.wav
audio/HVC4750.wav
audio/HVC4751.wav
audio/HVC4752.wav
audio/HVC4753.wav
audio/HVC4754.wav
audio/HVC4755.wav
audio/HVC4756.wav
audio/HVC4759.wav
audio/HVC476.wav
audio/HVC4760.wav
audio/HVC4761.wav
audio/HVC4762.wav
audio/HVC4764.wav
audio/HVC4765.wav
audio/HVC4766.wav
audio/HVC4767.wav
audio/HVC4768.wav
audio/HVC4769.wav
audio/HVC477.wav
audio/HVC4771.wav
audio/HVC4772.wav
audio/HVC4773.wav
audio/HVC4774.wav
audio/HVC4776.wav
audio/HVC4777.wav
audio/HVC4778.wav
audio/HVC4779.wav
audio/HVC478.wav
audio/HVC4780.wav
audio/HVC4781.wav
audio/HVC4782.wav
audio/HVC4783.wav
audio/HVC4784.wav
audio/HVC4785.wav
audio/HVC4786.wav
audio/HVC4787.wav
audio/HVC4788.wav
audio/HVC4789.wav
audio/HVC479.wav
audio/HVC4790.wav
audio/HVC4791.wav
audio/HVC4792.wav
audio/HVC4793.wav
audio/HVC4794.wav
audio/HVC4796.wav
audio/HVC4797.wav
audio/HVC4798.wav
audio/HVC4799.wav
audio/HVC480.wav
audio/HVC4800.wav
audio/HVC4801.wav
audio/HVC4802.wav
audio/HVC4803.wav
audio/HVC4804.wav
audio/HVC4805.wav
audio/HVC4806.wav
audio/HVC4807.wav
audio/HVC4808.wav
audio/HVC4809.wav
audio/HVC481.wav
audio/HVC4810.wav
audio/HVC4811.wav
audio/HVC4812.wav
audio/HVC4813.wav
audio/HVC4814.wav
audio/HVC4816.wav
audio/HVC4817.wav
audio/HVC4818.wav
audio/HVC4819.wav
audio/HVC4821.wav
audio/HVC4822.wav
audio/HVC4823.wav
audio/HVC4824.wav
audio/HVC4825.wav
audio/HVC4826.wav
audio/HVC4827.wav
audio/HVC4828.wav
audio/HVC4829.wav
audio/HVC4831.wav
audio/HVC4833.wav
audio/HVC4834.wav
audio/HVC4835.wav
audio/HVC4836.wav
audio/HVC4837.wav
audio/HVC4838.wav
audio/HVC4840.wav
audio/HVC4841.wav
audio/HVC4842.wav
audio/HVC485.wav
audio/HVC4851.wav
audio/HVC4853.wav
audio/HVC4858.wav
audio/HVC4860.wav
audio/HVC4861.wav
audio/HVC4863.wav
audio/HVC4864.wav
audio/HVC4865.wav
audio/HVC4866.wav
audio/HVC4867.wav
audio/HVC4868.wav
audio/HVC4869.wav
audio/HVC4870.wav
audio/HVC4871.wav
audio/HVC4872.wav
audio/HVC4873.wav
audio/HVC4874.wav
audio/HVC4875.wav
audio/HVC4877.wav
audio/HVC4879.wav
audio/HVC4880.wav
audio/HVC4882.wav
audio/HVC4883.wav
audio/HVC4884.wav
audio/HVC4885.wav
audio/HVC4886.wav
audio/HVC4888.wav
audio/HVC4890.wav
audio/HVC4891.wav
audio/HVC4892.wav
audio/HVC4893.wav
audio/HVC4894.wav
audio/HVC4895.wav
audio/HVC4896.wav
audio/HVC4898.wav
audio/HVC4900.wav
audio/HVC4901.wav
audio/HVC4903.wav
audio/HVC4904.wav
audio/HVC4905.wav
audio/HVC4906.wav
audio/HVC4908.wav
audio/HVC4909.wav
audio/HVC4910.wav
audio/HVC4911.wav
audio/HVC4912.wav
audio/HVC4913.wav
audio/HVC4915.wav
audio/HVC4916.wav
audio/HVC4918.wav
audio/HVC4919.wav
audio/HVC4920.wav
audio/HVC4923.wav
audio/HVC4924.wav
audio/HVC4925.wav
audio/HVC4926.wav
audio/HVC4928.wav
audio/HVC4929.wav
audio/HVC4930.wav
audio/HVC4931.wav
audio/HVC4932.wav
audio/HVC4933.wav
audio/HVC4936.wav
audio/HVC4937.wav
audio/HVC4938.wav
audio/HVC4939.wav
audio/HVC4940.wav
audio/HVC4941.wav
audio/HVC4942.wav
audio/HVC4943.wav
audio/HVC4945.wav
audio/HVC4946.wav
audio/HVC4947.wav
audio/HVC4948.wav
audio/HVC4949.wav
audio/HVC4950.wav
audio/HVC4951.wav
audio/HVC4952.wav
audio/HVC4954.wav
audio/HVC4955.wav
audio/HVC4956.wav
audio/HVC4959.wav
audio/HVC496.wav
audio/HVC4960.wav
audio/HVC4962.wav
audio/HVC4963.wav
audio/HVC4964.wav
audio/HVC4965.wav
audio/HVC4966.wav
audio/HVC4967.wav
audio/HVC4969.wav
audio/HVC4970.wav
audio/HVC4971.wav
audio/HVC4974.wav
audio/HVC4975.wav
audio/HVC4976.wav
audio/HVC4978.wav
audio/HVC4979.wav
audio/HVC4980.wav
audio/HVC4981.wav
audio/HVC4982.wav
audio/HVC4983.wav
audio/HVC4984.wav
audio/HVC4985.wav
audio/HVC4986.wav
audio/HVC4987.wav
audio/HVC4988.wav
audio/HVC4989.wav
audio/HVC4990.wav
audio/HVC4991.wav
audio/HVC4992.wav
audio/HVC4994.wav
audio/HVC4996.wav
audio/HVC4998.wav
audio/HVC4999.wav
audio/HVC5000.wav
audio/HVC5001.wav
audio/HVC5002.wav
audio/HVC5003.wav
audio/HVC5004.wav
audio/HVC5007.wav
audio/HVC5008.wav
audio/HVC5014.wav
audio/HVC5015.wav
audio/HVC5016.wav
audio/HVC5020.wav
audio/HVC5021.wav
audio/HVC5022.wav
audio/HVC5026.wav
audio/HVC5039.wav
audio/HVC5040.wav
audio/HVC5041.wav
audio/HVC5042.wav
audio/HVC5044.wav
audio/HVC505.wav
audio/HVC51.wav
audio/HVC5105.wav
audio/HVC5109.wav
audio/HVC5110.wav
audio/HVC5111.wav
audio/HVC5114.wav
audio/HVC5115.wav
audio/HVC5119.wav
audio/HVC5120.wav
audio/HVC5121.wav
audio/HVC5122.wav
audio/HVC5123.wav
audio/HVC5124.wav
audio/HVC5127.wav
audio/HVC5129.wav
audio/HVC5130.wav
audio/HVC5133.wav
audio/HVC5135.wav
audio/HVC5137.wav
audio/HVC5138.wav
audio/HVC5139.wav
audio/HVC5140.wav
audio/HVC5144.wav
audio/HVC5145.wav
audio/HVC5147.wav
audio/HVC5148.wav
audio/HVC5150.wav
audio/HVC5151.wav
audio/HVC5153.wav
audio/HVC5155.wav
audio/HVC5156.wav
audio/HVC5159.wav
audio/HVC516.wav
audio/HVC5161.wav
audio/HVC5162.wav
audio/HVC5163.wav
audio/HVC5165.wav
audio/HVC5166.wav
audio/HVC5167.wav
audio/HVC5168.wav
audio/HVC5175.wav
audio/HVC5176.wav
audio/HVC5177.wav
audio/HVC5178.wav
audio/HVC5180.wav
audio/HVC5181.wav
audio/HVC5182.wav
audio/HVC5184.wav
audio/HVC5185.wav
audio/HVC5187.wav
audio/HVC519.wav
audio/HVC5191.wav
audio/HVC520.wav
audio/HVC5200.wav
audio/HVC5206.wav
audio/HVC5207.wav
audio/HVC5208.wav
audio/HVC5209.wav
audio/HVC5211.wav
audio/HVC5212.wav
audio/HVC5215.wav
audio/HVC5216.wav
audio/HVC5217.wav
audio/HVC522.wav
audio/HVC5220.wav
audio/HVC5223.wav
audio/HVC5225.wav
audio/HVC5227.wav
audio/HVC5230.wav
audio/HVC5231.wav
audio/HVC5235.wav
audio/HVC5239.wav
audio/HVC5240.wav
audio/HVC5242.wav
audio/HVC5246.wav
audio/HVC5248.wav
audio/HVC5251.wav
audio/HVC5252.wav
audio/HVC5253.wav
audio/HVC5257.wav
audio/HVC5262.wav
audio/HVC5263.wav
audio/HVC5265.wav
audio/HVC5266.wav
audio/HVC5272.wav
audio/HVC5273.wav
audio/HVC5276.wav
audio/HVC5277.wav
audio/HVC5278.wav
audio/HVC5281.wav
audio/HVC5285.wav
audio/HVC5289.wav
audio/HVC5290.wav
audio/HVC5291.wav
audio/HVC5292.wav
audio/HVC5299.wav
audio/HVC5301.wav
audio/HVC5302.wav
audio/HVC5304.wav
audio/HVC532.wav
audio/HVC535.wav
audio/HVC5380.wav
audio/HVC5389.wav
audio/HVC5390.wav
audio/HVC5391.wav
audio/HVC5395.wav
audio/HVC5396.wav
audio/HVC5398.wav
audio/HVC5399.wav
audio/HVC5400.wav
audio/HVC5402.wav
audio/HVC5403.wav
audio/HVC5404.wav
audio/HVC5405.wav
audio/HVC5408.wav
audio/HVC5410.wav
audio/HVC5411.wav
audio/HVC5421.wav
audio/HVC5422.wav
audio/HVC5423.wav
audio/HVC5425.wav
audio/HVC5427.wav
audio/HVC5428.wav
audio/HVC5429.wav
audio/HVC5430.wav
audio/HVC5434.wav
audio/HVC5435.wav
audio/HVC5436.wav
audio/HVC5437.wav
audio/HVC5438.wav
audio/HVC5439.wav
audio/HVC5440.wav
audio/HVC5442.wav
audio/HVC5445.wav
audio/HVC5446.wav
audio/HVC5447.wav
audio/HVC5448.wav
audio/HVC545.wav
audio/HVC5451.wav
audio/HVC5453.wav
audio/HVC5466.wav
audio/HVC5467.wav
audio/HVC5470.wav
audio/HVC5471.wav
audio/HVC5476.wav
audio/HVC5484.wav
audio/HVC5486.wav
audio/HVC5487.wav
audio/HVC5488.wav
audio/HVC5489.wav
audio/HVC5490.wav
audio/HVC5492.wav
audio/HVC5495.wav
audio/HVC5500.wav
audio/HVC5504.wav
audio/HVC5508.wav
audio/HVC5509.wav
audio/HVC5510.wav
audio/HVC5512.wav
audio/HVC5515.wav
audio/HVC5517.wav
audio/HVC5519.wav
audio/HVC5522.wav
audio/HVC5523.wav
audio/HVC5524.wav
audio/HVC5526.wav
audio/HVC5527.wav
audio/HVC5528.wav
audio/HVC5530.wav
audio/HVC5531.wav
audio/HVC5535.wav
audio/HVC5536.wav
audio/HVC5546.wav
audio/HVC5547.wav
audio/HVC5554.wav
audio/HVC5555.wav
audio/HVC5557.wav
audio/HVC5559.wav
audio/HVC5560.wav
audio/HVC5561.wav
audio/HVC5562.wav
audio/HVC5563.wav
audio/HVC5564.wav
audio/HVC5565.wav
audio/HVC5572.wav
audio/HVC5574.wav
audio/HVC5575.wav
audio/HVC5576.wav
audio/HVC5577.wav
audio/HVC5579.wav
audio/HVC5584.wav
audio/HVC5585.wav
audio/HVC5587.wav
audio/HVC5592.wav
audio/HVC5593.wav
audio/HVC5595.wav
audio/HVC5596.wav
audio/HVC5597.wav
audio/HVC5598.wav
audio/HVC5599.wav
audio/HVC5601.wav
audio/HVC5602.wav
audio/HVC5609.wav
audio/HVC5612.wav
audio/HVC5614.wav
audio/HVC5618.wav
audio/HVC5619.wav
audio/HVC5620.wav
audio/HVC5625.wav
audio/HVC5627.wav
audio/HVC5629.wav
audio/HVC5634.wav
audio/HVC5638.wav
audio/HVC5639.wav
audio/HVC5643.wav
audio/HVC5644.wav
audio/HVC5645.wav
audio/HVC5647.wav
audio/HVC5648.wav
audio/HVC5649.wav
audio/HVC5651.wav
audio/HVC5654.wav
audio/HVC5655.wav
audio/HVC5661.wav
audio/HVC5662.wav
audio/HVC5664.wav
audio/HVC5665.wav
audio/HVC5666.wav
audio/HVC5667.wav
audio/HVC5668.wav
audio/HVC5673.wav
audio/HVC5674.wav
audio/HVC5677.wav
audio/HVC5684.wav
audio/HVC5689.wav
audio/HVC5691.wav
audio/HVC5692.wav
audio/HVC5697.wav
audio/HVC5698.wav
audio/HVC5699.wav
audio/HVC5701.wav
audio/HVC5702.wav
audio/HVC5712.wav
audio/HVC5715.wav
audio/HVC5716.wav
audio/HVC5718.wav
audio/HVC5719.wav
audio/HVC5724.wav
audio/HVC5725.wav
audio/HVC5728.wav
audio/HVC5729.wav
audio/HVC5730.wav
audio/HVC5733.wav
audio/HVC5735.wav
audio/HVC5736.wav
audio/HVC5737.wav
audio/HVC5738.wav
audio/HVC5740.wav
audio/HVC5743.wav
audio/HVC5753.wav
audio/HVC5754.wav
audio/HVC5765.wav
audio/HVC5766.wav
audio/HVC5768.wav
audio/HVC5771.wav
audio/HVC5772.wav
audio/HVC5774.wav
audio/HVC5778.wav
audio/HVC5779.wav
audio/HVC5781.wav
audio/HVC5782.wav
audio/HVC5785.wav
audio/HVC5787.wav
audio/HVC5789.wav
audio/HVC5790.wav
audio/HVC5792.wav
audio/HVC5795.wav
audio/HVC5800.wav
audio/HVC5801.wav
audio/HVC5802.wav
audio/HVC5805.wav
audio/HVC5806.wav
audio/HVC5810.wav
audio/HVC5811.wav
audio/HVC5812.wav
audio/HVC5813.wav
audio/HVC5815.wav
audio/HVC5816.wav
audio/HVC5817.wav
audio/HVC5818.wav
audio/HVC5819.wav
audio/HVC5820.wav
audio/HVC5824.wav
audio/HVC5825.wav
audio/HVC5826.wav
audio/HVC5830.wav
audio/HVC5831.wav
audio/HVC5834.wav
audio/HVC5836.wav
audio/HVC5837.wav
audio/HVC5838.wav
audio/HVC5841.wav
audio/HVC5842.wav
audio/HVC5844.wav
audio/HVC5847.wav
audio/HVC5848.wav
audio/HVC5849.wav
audio/HVC5850.wav
audio/HVC5851.wav
audio/HVC5852.wav
audio/HVC5853.wav
audio/HVC5854.wav
audio/HVC5860.wav
audio/HVC5861.wav
audio/HVC5863.wav
audio/HVC5865.wav
audio/HVC5866.wav
audio/HVC5867.wav
audio/HVC5869.wav
audio/HVC5870.wav
audio/HVC5871.wav
audio/HVC5873.wav
audio/HVC5874.wav
audio/HVC5875.wav
audio/HVC5876.wav
audio/HVC5878.wav
audio/HVC5882.wav
audio/HVC5884.wav
audio/HVC5885.wav
audio/HVC5886.wav
audio/HVC5890.wav
audio/HVC5892.wav
audio/HVC5894.wav
audio/HVC5895.wav
audio/HVC5896.wav
audio/HVC5898.wav
audio/HVC5904.wav
audio/HVC5905.wav
audio/HVC5909.wav
audio/HVC5915.wav
audio/HVC5916.wav
audio/HVC5917.wav
audio/HVC5918.wav
audio/HVC5919.wav
audio/HVC5920.wav
audio/HVC5922.wav
audio/HVC5923.wav
audio/HVC5925.wav
audio/HVC5926.wav
audio/HVC5932.wav
audio/HVC5933.wav
audio/HVC5949.wav
audio/HVC5952.wav
audio/HVC5953.wav
audio/HVC5956.wav
audio/HVC5962.wav
audio/HVC5963.wav
audio/HVC5965.wav
audio/HVC5967.wav
audio/HVC5969.wav
audio/HVC5973.wav
audio/HVC5974.wav
audio/HVC5976.wav
audio/HVC5977.wav
audio/HVC5978.wav
audio/HVC5979.wav
audio/HVC5980.wav
audio/HVC5981.wav
audio/HVC5982.wav
audio/HVC5983.wav
audio/HVC5984.wav
audio/HVC5985.wav
audio/HVC5986.wav
audio/HVC5987.wav
audio/HVC5988.wav
audio/HVC5989.wav
audio/HVC5990.wav
audio/HVC5991.wav
audio/HVC5992.wav
audio/HVC5993.wav
audio/HVC5994.wav
audio/HVC5995.wav
audio/HVC5996.wav
audio/HVC5997.wav
audio/HVC5998.wav
audio/HVC5999.wav
audio/HVC6000.wav
audio/HVC6001.wav
audio/HVC6002.wav
audio/HVC6003.wav
audio/HVC6004.wav
audio/HVC6005.wav
audio/HVC6006.wav
audio/HVC6007.wav
audio/HVC6008.wav
audio/HVC6010.wav
audio/HVC6011.wav
audio/HVC6012.wav
audio/HVC6013.wav
audio/HVC6014.wav
audio/HVC6015.wav
audio/HVC6016.wav
audio/HVC6017.wav
audio/HVC6018.wav
audio/HVC6019.wav
audio/HVC6020.wav
audio/HVC6021.wav
audio/HVC6022.wav
audio/HVC6023.wav
audio/HVC6024.wav
audio/HVC6025.wav
audio/HVC6027.wav
audio/HVC6028.wav
audio/HVC6029.wav
audio/HVC6030.wav
audio/HVC6031.wav
audio/HVC6032.wav
audio/HVC6034.wav
audio/HVC6035.wav
audio/HVC6036.wav
audio/HVC6037.wav
audio/HVC6038.wav
audio/HVC6039.wav
audio/HVC6040.wav
audio/HVC6041.wav
audio/HVC6042.wav
audio/HVC6043.wav
audio/HVC6044.wav
audio/HVC6046.wav
audio/HVC6047.wav
audio/HVC6048.wav
audio/HVC6049.wav
audio/HVC6050.wav
audio/HVC6051.wav
audio/HVC6052.wav
audio/HVC6053.wav
audio/HVC6055.wav
audio/HVC6056.wav
audio/HVC6057.wav
audio/HVC6058.wav
audio/HVC6059.wav
audio/HVC6060.wav
audio/HVC6062.wav
audio/HVC6063.wav
audio/HVC6064.wav
audio/HVC6065.wav
audio/HVC6066.wav
audio/HVC6067.wav
audio/HVC6068.wav
audio/HVC6069.wav
audio/HVC6070.wav
audio/HVC6071.wav
audio/HVC6072.wav
audio/HVC6073.wav
audio/HVC6074.wav
audio/HVC6076.wav
audio/HVC6078.wav
audio/HVC6079.wav
audio/HVC6080.wav
audio/HVC6082.wav
audio/HVC6083.wav
audio/HVC6084.wav
audio/HVC6085.wav
audio/HVC6086.wav
audio/HVC6087.wav
audio/HVC6088.wav
audio/HVC6089.wav
audio/HVC6092.wav
audio/HVC6093.wav
audio/HVC6094.wav
audio/HVC6095.wav
audio/HVC6096.wav
audio/HVC6097.wav
audio/HVC6098.wav
audio/HVC6099.wav
audio/HVC6100.wav
audio/HVC6101.wav
audio/HVC6103.wav
audio/HVC6104.wav
audio/HVC6105.wav
audio/HVC6107.wav
audio/HVC6108.wav
audio/HVC6109.wav
audio/HVC6110.wav
audio/HVC6111.wav
audio/HVC6112.wav
audio/HVC6113.wav
audio/HVC6114.wav
audio/HVC6115.wav
audio/HVC6116.wav
audio/HVC6117.wav
audio/HVC6118.wav
audio/HVC6121.wav
audio/HVC6122.wav
audio/HVC6123.wav
audio/HVC6124.wav
audio/HVC6125.wav
audio/HVC6127.wav
audio/HVC6128.wav
audio/HVC6129.wav
audio/HVC6130.wav
audio/HVC6131.wav
audio/HVC6132.wav
audio/HVC6133.wav
audio/HVC6134.wav
audio/HVC6135.wav
audio/HVC6136.wav
audio/HVC6137.wav
audio/HVC6138.wav
audio/HVC6139.wav
audio/HVC6141.wav
audio/HVC6145.wav
audio/HVC6146.wav
audio/HVC6148.wav
audio/HVC6149.wav
audio/HVC6150.wav
audio/HVC6151.wav
audio/HVC6153.wav
audio/HVC6154.wav
audio/HVC6155.wav
audio/HVC6157.wav
audio/HVC6158.wav
audio/HVC6159.wav
audio/HVC6160.wav
audio/HVC6161.wav
audio/HVC6163.wav
audio/HVC6166.wav
audio/HVC6167.wav
audio/HVC6168.wav
audio/HVC6169.wav
audio/HVC617.wav
audio/HVC6170.wav
audio/HVC6171.wav
audio/HVC6173.wav
audio/HVC6174.wav
audio/HVC6175.wav
audio/HVC6176.wav
audio/HVC6178.wav
audio/HVC6179.wav
audio/HVC6181.wav
audio/HVC6183.wav
audio/HVC6184.wav
audio/HVC6185.wav
audio/HVC6189.wav
audio/HVC6196.wav
audio/HVC6198.wav
audio/HVC6199.wav
audio/HVC620.wav
audio/HVC6202.wav
audio/HVC6208.wav
audio/HVC6210.wav
audio/HVC6214.wav
audio/HVC6217.wav
audio/HVC6218.wav
audio/HVC6219.wav
audio/HVC6223.wav
audio/HVC6224.wav
audio/HVC6226.wav
audio/HVC6228.wav
audio/HVC6230.wav
audio/HVC6231.wav
audio/HVC6232.wav
audio/HVC6233.wav
audio/HVC6235.wav
audio/HVC6239.wav
audio/HVC624.wav
audio/HVC6241.wav
audio/HVC6242.wav
audio/HVC6244.wav
audio/HVC6245.wav
audio/HVC633.wav
audio/HVC635.wav
audio/HVC637.wav
audio/HVC648.wav
audio/HVC657.wav
audio/HVC659.wav
audio/HVC660.wav
audio/HVC675.wav
audio/HVC677.wav
audio/HVC680.wav
audio/HVC682.wav
audio/HVC703.wav
audio/HVC709.wav
audio/HVC711.wav
audio/HVC712.wav
audio/HVC713.wav
audio/HVC715.wav
audio/HVC716.wav
audio/HVC717.wav
audio/HVC72.wav
audio/HVC720.wav
audio/HVC721.wav
audio/HVC725.wav
audio/HVC728.wav
audio/HVC729.wav
audio/HVC731.wav
audio/HVC735.wav
audio/HVC736.wav
audio/HVC739.wav
audio/HVC741.wav
audio/HVC745.wav
audio/HVC748.wav
audio/HVC750.wav
audio/HVC753.wav
audio/HVC755.wav
audio/HVC758.wav
audio/HVC759.wav
audio/HVC760.wav
audio/HVC763.wav
audio/HVC764.wav
audio/HVC766.wav
audio/HVC767.wav
audio/HVC772.wav
audio/HVC788.wav
audio/HVC849.wav
audio/HVC854.wav
audio/HVC855.wav
audio/HVC857.wav
audio/HVC863.wav
audio/HVC871.wav
audio/HVC872.wav
audio/HVC883.wav
audio/HVC886.wav
audio/HVC887.wav
audio/HVC893.wav
audio/HVC895.wav
audio/HVC896.wav
audio/HVC909.wav
audio/HVC918.wav
audio/HVC919.wav
audio/HVC921.wav
audio/HVC932.wav
audio/HVC933.wav
audio/HVC938.wav
audio/HVC961.wav
